<html>
<body>
<pre>
<h1>礦ision Build Log</h1>
<h2>Tool Versions:</h2>
IDE-Version: μVision V5.14.0.0
Copyright (C) 2015 ARM Ltd and ARM Germany GmbH. All rights reserved.
License Information: Yunpeng Xu, Hua Zhong universety of science and technology, LIC=S5ISZ-JP1FE-JPNZQ-NFMQY-W0ZQJ-XRN60
 
Tool Versions:
Toolchain:       MDK-ARM Professional  Version: 5.14.0.0
Toolchain Path:  D:\MDK5.14\ARM\ARMCC\Bin
C Compiler:      Armcc.exe V5.05 update 1 (build 106)
Assembler:       Armasm.exe V5.05 update 1 (build 106)
Linker/Locator:  ArmLink.exe V5.05 update 1 (build 106)
Library Manager: ArmAr.exe V5.05 update 1 (build 106)
Hex Converter:   FromElf.exe V5.05 update 1 (build 106)
CPU DLL:         SARMCM3.DLL V5.14.0.0
Dialog DLL:      DCM.DLL V1.13.1.0
Target DLL:      STLink\ST-LINKIII-KEIL_SWO.dll V2.0.14.0_KEIL
Dialog DLL:      TCM.DLL V1.14.4.0
 
<h2>Project:</h2>
E:\文件\大学\信号与控制\elevator\Motor_Control 2023(1)\Project\BH-F103.uvprojx
Project File Date:  12/15/2023

<h2>Output:</h2>
Build target 'Target 1'
assembling startup_stm32f10x_md.s...
compiling core_cm3.c...
compiling system_stm32f10x.c...
compiling misc.c...
compiling stm32f10x_adc.c...
compiling stm32f10x_bkp.c...
compiling stm32f10x_can.c...
compiling stm32f10x_cec.c...
compiling stm32f10x_crc.c...
compiling stm32f10x_dac.c...
compiling stm32f10x_dbgmcu.c...
compiling stm32f10x_dma.c...
compiling stm32f10x_exti.c...
compiling stm32f10x_flash.c...
compiling stm32f10x_fsmc.c...
compiling stm32f10x_gpio.c...
compiling stm32f10x_i2c.c...
compiling stm32f10x_iwdg.c...
compiling stm32f10x_pwr.c...
compiling stm32f10x_rcc.c...
compiling stm32f10x_rtc.c...
compiling stm32f10x_sdio.c...
compiling stm32f10x_spi.c...
compiling stm32f10x_tim.c...
compiling stm32f10x_usart.c...
compiling stm32f10x_wwdg.c...
compiling main.c...
compiling stm32f10x_it.c...
compiling adc.c...
compiling pid.c...
compiling pwm.c...
compiling timer.c...
compiling encoder.c...
compiling led.c...
compiling key.c...
..\HARDWARE\KEY\key.c(45): warning:  #1-D: last line of file ends without a newline
  }
..\HARDWARE\KEY\key.c: 1 warning, 0 errors
compiling debug_JustFloat.c...
compiling lse.c...
..\HARDWARE\LSE\lse.c(4): warning:  #260-D: explicit type is missing ("int" assumed)
  extern duty;
..\HARDWARE\LSE\lse.c: 1 warning, 0 errors
compiling delay.c...
compiling sys.c...
compiling usart.c...
linking...
Program Size: Code=8548 RO-data=268 RW-data=96 ZI-data=1488  
FromELF: creating hex file...
".\Objects\BH-F103.axf" - 0 Error(s), 2 Warning(s).

<h2>Collection of Component include folders:</h2>
  E:\文件\大学\信号与控制\elevator\Motor_Control 2023(1)\Project\RTE
  D:\MDK5.14\ARM\PACK\Keil\STM32F1xx_DFP\2.4.0

<h2>Collection of Component Files used:</h2>
</pre>
</body>
</html>
